[backblue.gif]
[fade.gif]
[index.html]
[mcard.barunnfamily.com/Photos/201704/ST2454788/mainimage1535.jpg]
[mcard.barunnfamily.com/public/js/jquery_1.9.1.min.js]
[mcard.barunnfamily.com/public/js/commoncd30]
[mcard.barunnfamily.com/public/js/ui/photoswipe.js]
[mcard.barunnfamily.com/public/js/ui/photoswipe-ui-default.min.js]
[mcard.barunnfamily.com/public/js/sns.js]
[mcard.barunnfamily.com/resources/skin/w_illust1/visual_line.png]
[mcard.barunnfamily.com/resources/skin/w_illust1/tit_greeting.png]
[mcard.barunnfamily.com/resources/skin/w_illust1/g_husband_tit.png]
[mcard.barunnfamily.com/resources/skin/w_illust1/icon_tel_husband.png]
[mcard.barunnfamily.com/resources/skin/w_illust1/btn_sms_husband.png]
[mcard.barunnfamily.com/resources/skin/w_illust1/g_wife_tit.png]
[mcard.barunnfamily.com/resources/skin/w_illust1/btn_sms_wife.png]
[mcard.barunnfamily.com/resources/skin/w_illust1/g_call_line.png]
[mcard.barunnfamily.com/resources/skin/w_illust1/tit_gallery.png]
[mcard.barunnfamily.com/Photos/201704/ST2454788/41209114-b02f-40ab-8be5-1aecd52398bb.jpg]
[mcard.barunnfamily.com/resources/order/img_frame.png]
[mcard.barunnfamily.com/Photos/201704/ST2454788/3d58d01b-f545-4740-9dcf-818c8ca70edf.jpg]
[mcard.barunnfamily.com/Photos/201704/ST2454788/af499aa4-bb14-4192-8419-f5dac86a35c1.jpg]
[mcard.barunnfamily.com/Photos/201704/ST2454788/eeae0a65-6b73-4bbe-873a-67bc3a099c9f.jpg]
[mcard.barunnfamily.com/Photos/201704/ST2454788/79dcbfc2-9162-43ae-94b2-3bdda4b0460c.jpg]
[mcard.barunnfamily.com/Photos/201704/ST2454788/a3213b86-fb60-4a34-97c8-b08470d8ffa6.jpg]
[mcard.barunnfamily.com/Photos/201704/ST2454788/961e2562-72f8-473e-bd92-e2ab01806f51.jpg]
[mcard.barunnfamily.com/Photos/201704/ST2454788/25834cfe-68e4-4193-b4b2-cbaa3a37e386.jpg]
[mcard.barunnfamily.com/Photos/201704/ST2454788/ca8613fa-ab2c-471f-8b9e-698c48809150.jpg]
[mcard.barunnfamily.com/Photos/201704/ST2454788/7a5e881d-203a-4458-9f8b-6a66905b1302.jpg]
[mcard.barunnfamily.com/Photos/201704/ST2454788/5c0a4893-d8e8-40eb-8fed-005960ac90c3.jpg]
[mcard.barunnfamily.com/Photos/201704/ST2454788/95c66309-a160-4bc3-a5dc-737f502f66b7.jpg]
[mcard.barunnfamily.com/resources/skin/w_illust1/tit_movie.png]
[mcard.barunnfamily.com/resources/skin/w_illust1/tit_map.png]
[mcard.barunnfamily.com/resources/skin/w_illust1/btn_tel.png]
[mcard.barunnfamily.com/resources/skin/w_illust1/location_line.png]
[mcard.barunnfamily.com/resources/skin/w_illust1/tit_guest_book.png]
[mcard.barunnfamily.com/resources/skin/w_illust1/massage.png]
[mcard.barunnfamily.com/resources/img_inc/btn_facebook.png]
[mcard.barunnfamily.com/resources/img_inc/btn_twitter.png]
[mcard.barunnfamily.com/resources/img_inc/btn_kakao.png]
[mcard.barunnfamily.com/resources/img_inc/btn_story.png]
[mcard.barunnfamily.com/resources/img_inc/logo_bhandscard.png]
[mcard.barunnfamily.com/resources/img_inc/logo_barunsoncard.png]
[mcard.barunnfamily.com/resources/img_inc/logo_thecard.png]
[mcard.barunnfamily.com/resources/img_inc/logo_premierpaper.png]
[mcard.barunnfamily.com/resources/img_inc/logo_celemo.png]
[mcard.barunnfamily.com/resources/img_inc/logo_barunsoncard_jehu.png]
[mcard.barunnfamily.com/resources/img_inc/logo_bewedding.png]
[mcard.barunnfamily.com/ST245478852a3.html]
[mcard.barunnfamily.com/public/js/ui/photoswipe-gallery.js]
[mcard.barunnfamily.com/ST24547880de5.html]
[mcard.barunnfamily.com/Photos/201704/ST2454788/mainimagec2c0.jpg]
[mcard.barunnfamily.com/resources/img_inc/icon_mark.png]
[mcard.barunnfamily.com/resources/img_inc/bul_4x2.png]
[mcard.barunnfamily.com/resources/img_inc/set_check.png]
[mcard.barunnfamily.com/resources/img_inc/line_box_rightbottom.png]
[mcard.barunnfamily.com/resources/img_inc/bul_arrow1_right.png]
[mcard.barunnfamily.com/resources/img_inc/bul_arrow2_right.png]
[mcard.barunnfamily.com/resources/img_inc/bul_arrow2_left.png]
[mcard.barunnfamily.com/resources/img_inc/bul_pop_right.png]
[mcard.barunnfamily.com/resources/img_inc/bul_chcek_right.png]
[mcard.barunnfamily.com/resources/img_inc/bul_del_right.png]
[mcard.barunnfamily.com/resources/img_inc/btn_help.png]
[mcard.barunnfamily.com/resources/img_inc/line_1x10.png]
[mcard.barunnfamily.com/resources/img_inc/bg_pattern01.png]
[mcard.barunnfamily.com/resources/img_inc/line_20x1_2.png]
[mcard.barunnfamily.com/resources/css/common.css]
[mcard.barunnfamily.com/resources/img_inc/btn_close.png]
[mcard.barunnfamily.com/resources/skin/typo/bg_skin.png]
[mcard.barunnfamily.com/resources/skin/typo/bg_dotline.png]
[mcard.barunnfamily.com/resources/skin/typo/bul_navi.png]
[mcard.barunnfamily.com/resources/skin/typo/img_line.png]
[mcard.barunnfamily.com/resources/skin/typo/img_husband.png]
[mcard.barunnfamily.com/resources/skin/typo/img_wife.png]
[mcard.barunnfamily.com/resources/skin/typo/bg_more.png]
[mcard.barunnfamily.com/resources/skin/typo/btn_toggle.png]
[mcard.barunnfamily.com/resources/skin/typo/bg_guest_book.png]
[mcard.barunnfamily.com/resources/skin/typo/btn_x.png]
[mcard.barunnfamily.com/resources/skin/typo/icon_time.png]
[mcard.barunnfamily.com/resources/skin/typo/icon_full.png]
[mcard.barunnfamily.com/resources/skin/typo/icon_more.png]
[mcard.barunnfamily.com/resources/skin/illust/bg_start.png]
[mcard.barunnfamily.com/resources/skin/illust/bg_d_day.png]
[mcard.barunnfamily.com/resources/skin/illust/bg_greeting.png]
[mcard.barunnfamily.com/resources/skin/illust/img_husband.png]
[mcard.barunnfamily.com/resources/skin/illust/img_wife.png]
[mcard.barunnfamily.com/resources/skin/illust/img_line.png]
[mcard.barunnfamily.com/resources/skin/illust/bg_dotline.png]
[mcard.barunnfamily.com/resources/skin/illust/btn_toggle.png]
[mcard.barunnfamily.com/resources/skin/illust/bg_gallery.png]
[mcard.barunnfamily.com/resources/skin/illust/bg_movie.png]
[mcard.barunnfamily.com/resources/skin/illust/bg_btn.png]
[mcard.barunnfamily.com/resources/skin/illust/icon_full2.png]
[mcard.barunnfamily.com/resources/skin/illust/bg_location.png]
[mcard.barunnfamily.com/resources/skin/illust/bg_race.png]
[mcard.barunnfamily.com/resources/skin/illust/bg_race_bottom.png]
[mcard.barunnfamily.com/resources/skin/illust/bul_navi.png]
[mcard.barunnfamily.com/resources/skin/illust/bg_gift.png]
[mcard.barunnfamily.com/resources/skin/illust/bg_btn_on.png]
[mcard.barunnfamily.com/resources/skin/illust/bg_more.png]
[mcard.barunnfamily.com/resources/skin/illust/bg_guest_book.png]
[mcard.barunnfamily.com/resources/skin/illust/bul_12x12.png]
[mcard.barunnfamily.com/resources/skin/illust/btn_x.png]
[mcard.barunnfamily.com/resources/skin/illust/icon_time.png]
[mcard.barunnfamily.com/resources/skin/illust/bg_btn_blue.png]
[mcard.barunnfamily.com/resources/skin/w_illust1/bg_start.png]
[mcard.barunnfamily.com/resources/skin/w_illust1/bg_d_day.png]
[mcard.barunnfamily.com/resources/skin/w_illust1/bg_img_visual.png]
[mcard.barunnfamily.com/resources/skin/w_illust1/btn_toggle.png]
[mcard.barunnfamily.com/resources/skin/w_illust1/icon_full2.png]
[mcard.barunnfamily.com/resources/skin/w_illust1/bg_gift.png]
[mcard.barunnfamily.com/resources/skin/w_illust1/bg_more.png]
[mcard.barunnfamily.com/resources/skin/w_illust1/bul_12x12.png]
[mcard.barunnfamily.com/resources/skin/w_illust1/btn_x.png]
[mcard.barunnfamily.com/resources/skin/w_illust1/icon_time.png]
[mcard.barunnfamily.com/resources/skin/luxury/bg_greeting.png]
[mcard.barunnfamily.com/resources/skin/luxury/bg_line.png]
[mcard.barunnfamily.com/resources/skin/luxury/bg_dotline.png]
[mcard.barunnfamily.com/resources/skin/luxury/btn_toggle.png]
[mcard.barunnfamily.com/resources/skin/luxury/bg_gallery.png]
[mcard.barunnfamily.com/resources/skin/luxury/bg_movie.png]
[mcard.barunnfamily.com/resources/skin/luxury/bg_race.png]
[mcard.barunnfamily.com/resources/skin/luxury/bg_race_bottom.png]
[mcard.barunnfamily.com/resources/skin/luxury/icon_full2.png]
[mcard.barunnfamily.com/resources/skin/luxury/bg_location.png]
[mcard.barunnfamily.com/resources/skin/luxury/bul_navi.png]
[mcard.barunnfamily.com/resources/skin/luxury/btn_x.png]
[mcard.barunnfamily.com/resources/skin/luxury/icon_time.png]
[mcard.barunnfamily.com/resources/skin/luxury/icon_full.png]
[mcard.barunnfamily.com/resources/skin/luxury/icon_more.png]
[mcard.barunnfamily.com/resources/skin/simple/bg_light_top.png]
[mcard.barunnfamily.com/resources/skin/simple/bg_light_bottom.png]
[mcard.barunnfamily.com/resources/skin/simple/bg_greeting.png]
[mcard.barunnfamily.com/resources/skin/simple/img_line.png]
[mcard.barunnfamily.com/resources/skin/simple/bg_dotline.png]
[mcard.barunnfamily.com/resources/skin/simple/btn_toggle.png]
[mcard.barunnfamily.com/resources/skin/simple/bg_gallery.png]
[mcard.barunnfamily.com/resources/skin/simple/bg_movie2.png]
[mcard.barunnfamily.com/resources/skin/simple/bg_movie.png]
[mcard.barunnfamily.com/resources/skin/simple/icon_full2.png]
[mcard.barunnfamily.com/resources/skin/simple/bg_race.png]
[mcard.barunnfamily.com/resources/skin/simple/bul_navi.png]
[mcard.barunnfamily.com/resources/skin/simple/bg_arrow.png]
[mcard.barunnfamily.com/resources/skin/simple/bg_more.png]
[mcard.barunnfamily.com/resources/skin/simple/bg_massage_box.png]
[mcard.barunnfamily.com/resources/skin/simple/bg_massage_box_l.png]
[mcard.barunnfamily.com/resources/skin/simple/bg_massage_box_r.png]
[mcard.barunnfamily.com/resources/skin/simple/bul_12x12.png]
[mcard.barunnfamily.com/resources/skin/simple/btn_x.png]
[mcard.barunnfamily.com/resources/skin/simple/icon_time.png]
[mcard.barunnfamily.com/resources/skin/simple2/bg_start.png]
[mcard.barunnfamily.com/resources/skin/simple2/bg_greeting.png]
[mcard.barunnfamily.com/resources/skin/simple2/img_line.png]
[mcard.barunnfamily.com/resources/skin/simple2/bg_img_line.png]
[mcard.barunnfamily.com/resources/skin/simple2/img_husband.png]
[mcard.barunnfamily.com/resources/skin/simple2/img_wife.png]
[mcard.barunnfamily.com/resources/skin/simple2/bg_dotline.png]
[mcard.barunnfamily.com/resources/skin/simple2/btn_toggle.png]
[mcard.barunnfamily.com/resources/skin/simple2/bg_movie.png]
[mcard.barunnfamily.com/resources/skin/simple2/icon_full2.png]
[mcard.barunnfamily.com/resources/skin/simple2/bg_location.png]
[mcard.barunnfamily.com/resources/skin/simple2/bul_navi.png]
[mcard.barunnfamily.com/resources/skin/simple2/bg_gift.png]
[mcard.barunnfamily.com/resources/skin/simple2/bg_guest_book.png]
[mcard.barunnfamily.com/resources/skin/simple2/btn_x.png]
[mcard.barunnfamily.com/resources/skin/simple2/icon_time.png]
[mcard.barunnfamily.com/resources/skin/simple2/icon_full.png]
[mcard.barunnfamily.com/resources/skin/simple2/icon_more.png]
[mcard.barunnfamily.com/resources/skin/photo/bg_pattern2.png]
[mcard.barunnfamily.com/resources/skin/photo/bg_greeting.png]
[mcard.barunnfamily.com/resources/skin/photo/img_husband.png]
[mcard.barunnfamily.com/resources/skin/photo/img_wife.png]
[mcard.barunnfamily.com/resources/skin/photo/bg_dotline.png]
[mcard.barunnfamily.com/resources/skin/photo/btn_toggle.png]
[mcard.barunnfamily.com/resources/skin/photo/bg_gallery.png]
[mcard.barunnfamily.com/resources/skin/photo/bg_movie.png]
[mcard.barunnfamily.com/resources/skin/photo/icon_full2.png]
[mcard.barunnfamily.com/resources/skin/photo/bg_location.png]
[mcard.barunnfamily.com/resources/skin/photo/bul_navi.png]
[mcard.barunnfamily.com/resources/skin/photo/bg_gift.png]
[mcard.barunnfamily.com/resources/skin/photo/bg_gift_more.png]
[mcard.barunnfamily.com/resources/skin/photo/bg_guest_book.png]
[mcard.barunnfamily.com/resources/skin/photo/btn_x.png]
[mcard.barunnfamily.com/resources/skin/photo/icon_time.png]
[mcard.barunnfamily.com/resources/skin/photo/icon_full.png]
[mcard.barunnfamily.com/resources/skin/photo/icon_more.png]
[mcard.barunnfamily.com/resources/skin/w_photo1/bg_start.png]
[mcard.barunnfamily.com/resources/skin/w_photo1/h_groom.png]
[mcard.barunnfamily.com/resources/skin/w_photo1/h_bride.png]
[mcard.barunnfamily.com/resources/skin/w_photo1/bg_d_day.png]
[mcard.barunnfamily.com/resources/skin/w_photo1/btn_toggle.png]
[mcard.barunnfamily.com/resources/skin/w_photo1/icon_full2.png]
[mcard.barunnfamily.com/resources/skin/w_photo1/location_bg.png]
[mcard.barunnfamily.com/resources/skin/w_photo1/traffic_info_bg.png]
[mcard.barunnfamily.com/resources/skin/w_photo1/bg_gift.png]
[mcard.barunnfamily.com/resources/skin/w_photo1/bg_more.png]
[mcard.barunnfamily.com/resources/skin/w_photo1/btn_x.png]
[mcard.barunnfamily.com/resources/skin/w_photo1/icon_time.png]
[mcard.barunnfamily.com/resources/skin/b_illust/bg_start.png]
[mcard.barunnfamily.com/resources/skin/b_illust/bg_greeting.png]
[mcard.barunnfamily.com/resources/skin/b_illust/img_husband.png]
[mcard.barunnfamily.com/resources/skin/b_illust/img_wife.png]
[mcard.barunnfamily.com/resources/skin/b_illust/bg_race.png]
[mcard.barunnfamily.com/resources/skin/b_illust/bg_race_bottom.png]
[mcard.barunnfamily.com/resources/skin/b_illust/bg_gallery.png]
[mcard.barunnfamily.com/resources/skin/b_illust/bg_movie.png]
[mcard.barunnfamily.com/resources/skin/b_illust/icon_full2.png]
[mcard.barunnfamily.com/resources/skin/b_illust/bg_location.png]
[mcard.barunnfamily.com/resources/skin/b_illust/bul_navi.png]
[mcard.barunnfamily.com/resources/skin/b_illust/bg_gift.png]
[mcard.barunnfamily.com/resources/skin/b_illust/bg_more.png]
[mcard.barunnfamily.com/resources/skin/b_illust/bg_guest_book.png]
[mcard.barunnfamily.com/resources/skin/b_illust/bul_12x12.png]
[mcard.barunnfamily.com/resources/skin/b_illust/btn_x.png]
[mcard.barunnfamily.com/resources/skin/b_illust/icon_time.png]
[mcard.barunnfamily.com/resources/skin/b_illust/icon_more.png]
[mcard.barunnfamily.com/resources/skin/b_illust2/line_bottom.png]
[mcard.barunnfamily.com/resources/skin/b_illust2/bg_top.png]
[mcard.barunnfamily.com/resources/skin/b_photo/bg_race.png]
[mcard.barunnfamily.com/resources/skin/b_illust2/bg_greeting.png]
[mcard.barunnfamily.com/resources/skin/b_illust2/bg_movie.png]
[mcard.barunnfamily.com/resources/skin/b_photo/icon_full2.png]
[mcard.barunnfamily.com/resources/skin/b_illust2/bul_navi.png]
[mcard.barunnfamily.com/resources/skin/b_illust2/massage_line.png]
[mcard.barunnfamily.com/resources/skin/b_illust2/btn_x.png]
[mcard.barunnfamily.com/resources/skin/b_illust2/icon_time.png]
[mcard.barunnfamily.com/resources/skin/b_illust2/icon_more.png]
[mcard.barunnfamily.com/resources/skin/b_illust3/line_bottom.png]
[mcard.barunnfamily.com/resources/skin/b_illust3/bg_top.png]
[mcard.barunnfamily.com/resources/skin/b_illust3/bg_greeting.png]
[mcard.barunnfamily.com/resources/skin/b_illust3/bg_movie.png]
[mcard.barunnfamily.com/resources/skin/b_illust3/bul_navi.png]
[mcard.barunnfamily.com/resources/skin/b_illust3/massage_line.png]
[mcard.barunnfamily.com/resources/skin/b_illust3/btn_x.png]
[mcard.barunnfamily.com/resources/skin/b_illust3/icon_time.png]
[mcard.barunnfamily.com/resources/skin/b_illust3/icon_more.png]
[mcard.barunnfamily.com/resources/skin/b_illust4/bg_top.png]
[mcard.barunnfamily.com/resources/skin/b_illust4/bg_gallery.png]
[mcard.barunnfamily.com/resources/skin/b_illust4/bg_movie.png]
[mcard.barunnfamily.com/resources/skin/b_illust4/bul_navi.png]
[mcard.barunnfamily.com/resources/skin/b_illust4/massage_line.png]
[mcard.barunnfamily.com/resources/skin/b_illust4/btn_x.png]
[mcard.barunnfamily.com/resources/skin/b_illust4/icon_time.png]
[mcard.barunnfamily.com/resources/skin/b_illust4/icon_more.png]
[mcard.barunnfamily.com/resources/skin/b_illust5/bg_top.png]
[mcard.barunnfamily.com/resources/skin/b_illust5/bg_gallery.png]
[mcard.barunnfamily.com/resources/skin/b_illust5/bg_movie.png]
[mcard.barunnfamily.com/resources/skin/b_illust5/bul_navi.png]
[mcard.barunnfamily.com/resources/skin/b_illust5/massage_line.png]
[mcard.barunnfamily.com/resources/skin/b_illust5/btn_x.png]
[mcard.barunnfamily.com/resources/skin/b_illust5/icon_time.png]
[mcard.barunnfamily.com/resources/skin/b_illust5/icon_more.png]
[mcard.barunnfamily.com/resources/skin/b_illust6/bg_top.png]
[mcard.barunnfamily.com/resources/skin/b_illust6/bg_greeting.png]
[mcard.barunnfamily.com/resources/skin/b_illust6/bg_movie.png]
[mcard.barunnfamily.com/resources/skin/b_illust6/bg_location.png]
[mcard.barunnfamily.com/resources/skin/b_illust6/bul_navi.png]
[mcard.barunnfamily.com/resources/skin/b_illust6/bg_guest_book.png]
[mcard.barunnfamily.com/resources/skin/b_illust6/massage_line.png]
[mcard.barunnfamily.com/resources/skin/b_illust6/btn_x.png]
[mcard.barunnfamily.com/resources/skin/b_illust6/icon_time.png]
[mcard.barunnfamily.com/resources/skin/b_illust6/icon_more.png]
[mcard.barunnfamily.com/resources/skin/b_illust7/bg_top.png]
[mcard.barunnfamily.com/resources/skin/b_illust7/bg_greeting.png]
[mcard.barunnfamily.com/resources/skin/b_illust7/bg_movie.png]
[mcard.barunnfamily.com/resources/skin/b_illust7/bg_location.png]
[mcard.barunnfamily.com/resources/skin/b_illust7/bul_navi.png]
[mcard.barunnfamily.com/resources/skin/b_illust7/bg_guest_book.png]
[mcard.barunnfamily.com/resources/skin/b_illust7/massage_line.png]
[mcard.barunnfamily.com/resources/skin/b_illust7/btn_x.png]
[mcard.barunnfamily.com/resources/skin/b_illust7/icon_time.png]
[mcard.barunnfamily.com/resources/skin/b_illust7/icon_more.png]
[mcard.barunnfamily.com/resources/skin/b_photo/bg_start_top.png]
[mcard.barunnfamily.com/resources/skin/b_photo/bg_d_day.png]
[mcard.barunnfamily.com/resources/skin/b_photo/bg_start.png]
[mcard.barunnfamily.com/resources/skin/b_photo/bg_day_r.png]
[mcard.barunnfamily.com/resources/skin/b_photo/bg_day_l.png]
[mcard.barunnfamily.com/resources/skin/b_photo/bg_greeting.png]
[mcard.barunnfamily.com/resources/skin/b_photo/bg_parent.png]
[mcard.barunnfamily.com/resources/skin/b_photo/bg_gallery.png]
[mcard.barunnfamily.com/resources/skin/b_photo/bg_movie.png]
[mcard.barunnfamily.com/resources/skin/b_photo/bg_location.png]
[mcard.barunnfamily.com/resources/skin/b_photo/bul_navi.png]
[mcard.barunnfamily.com/resources/skin/b_photo/bg_gift.png]
[mcard.barunnfamily.com/resources/skin/b_photo/bg_more.png]
[mcard.barunnfamily.com/resources/skin/b_photo/btn_x.png]
[mcard.barunnfamily.com/resources/skin/b_photo/icon_time.png]
[mcard.barunnfamily.com/resources/skin/b_photo/icon_full.png]
[mcard.barunnfamily.com/resources/skin/b_photo/icon_more.png]
[mcard.barunnfamily.com/resources/skin/b_simple/bg_start.png]
[mcard.barunnfamily.com/resources/skin/b_simple/bg_greeting.png]
[mcard.barunnfamily.com/resources/skin/b_simple/img_husband.png]
[mcard.barunnfamily.com/resources/skin/b_simple/img_wife.png]
[mcard.barunnfamily.com/resources/skin/b_simple/bg_race.png]
[mcard.barunnfamily.com/resources/skin/b_simple/bg_race_bottom.png]
[mcard.barunnfamily.com/resources/skin/b_simple/bg_movie.png]
[mcard.barunnfamily.com/resources/skin/b_simple/bg_movie_top.png]
[mcard.barunnfamily.com/resources/skin/b_simple/icon_full2.png]
[mcard.barunnfamily.com/resources/skin/b_simple/bg_location.png]
[mcard.barunnfamily.com/resources/skin/b_simple/bul_navi.png]
[mcard.barunnfamily.com/resources/skin/b_simple/bg_gift.png]
[mcard.barunnfamily.com/resources/skin/b_simple/bg_more.png]
[mcard.barunnfamily.com/resources/skin/b_simple/bg_guest_book.png]
[mcard.barunnfamily.com/resources/skin/b_simple/btn_x.png]
[mcard.barunnfamily.com/resources/skin/b_simple/icon_time.png]
[mcard.barunnfamily.com/resources/skin/b_simple/icon_full.png]
[mcard.barunnfamily.com/resources/skin/b_simple/icon_more.png]
[mcard.barunnfamily.com/resources/skin/e_typo/bg.png]
[mcard.barunnfamily.com/resources/skin/e_typo/bg_start.png]
[mcard.barunnfamily.com/resources/skin/e_typo/bg_start_middle.png]
[mcard.barunnfamily.com/resources/skin/e_typo/bg_line.png]
[mcard.barunnfamily.com/resources/skin/e_typo/img_wife.png]
[mcard.barunnfamily.com/resources/skin/e_typo/tit_line.png]
[mcard.barunnfamily.com/resources/skin/e_typo/icon_full2.png]
[mcard.barunnfamily.com/resources/skin/e_typo/bul_navi.png]
[mcard.barunnfamily.com/resources/skin/e_typo/bg_guest_book.png]
[mcard.barunnfamily.com/resources/skin/e_typo/btn_x.png]
[mcard.barunnfamily.com/resources/skin/e_typo/icon_time.png]
[mcard.barunnfamily.com/resources/skin/e_typo/icon_full.png]
[mcard.barunnfamily.com/resources/skin/e_typo/icon_more.png]
[mcard.barunnfamily.com/resources/skin/e_simple/bg_start.png]
[mcard.barunnfamily.com/resources/skin/e_simple/bg_greeting.png]
[mcard.barunnfamily.com/resources/skin/e_simple/bg_greeting2.png]
[mcard.barunnfamily.com/resources/skin/e_simple/box_middle.png]
[mcard.barunnfamily.com/resources/skin/e_simple/bg_info_tit.png]
[mcard.barunnfamily.com/resources/skin/e_simple/bg_gallery_line.png]
[mcard.barunnfamily.com/resources/skin/e_simple/bg_movie.png]
[mcard.barunnfamily.com/resources/skin/e_simple/bg_movie2.png]
[mcard.barunnfamily.com/resources/skin/e_simple/icon_full2.png]
[mcard.barunnfamily.com/resources/skin/e_simple/bg_location.png]
[mcard.barunnfamily.com/resources/skin/e_simple/bul_navi.png]
[mcard.barunnfamily.com/resources/skin/e_simple/bg_guest_book.png]
[mcard.barunnfamily.com/resources/skin/e_simple/btn_x.png]
[mcard.barunnfamily.com/resources/skin/e_simple/icon_time.png]
[mcard.barunnfamily.com/resources/skin/e_simple/icon_full.png]
[mcard.barunnfamily.com/resources/skin/e_simple/icon_more.png]
[mcard.barunnfamily.com/resources/skin/e_illust/bg_start.png]
[mcard.barunnfamily.com/resources/skin/e_illust/bg_start_middle.png]
[mcard.barunnfamily.com/resources/skin/e_illust/bg_greeting.png]
[mcard.barunnfamily.com/resources/skin/e_illust/bg_greeting2.png]
[mcard.barunnfamily.com/resources/skin/e_illust/img_wife.png]
[mcard.barunnfamily.com/resources/skin/e_illust/bg_gallery.png]
[mcard.barunnfamily.com/resources/skin/e_illust/bg_location.png]
[mcard.barunnfamily.com/resources/skin/e_illust/bg_line.png]
[mcard.barunnfamily.com/resources/skin/e_illust/icon_full2.png]
[mcard.barunnfamily.com/resources/skin/e_illust/bul_navi.png]
[mcard.barunnfamily.com/resources/skin/e_illust/bg_guest_book.png]
[mcard.barunnfamily.com/resources/skin/e_illust/btn_x.png]
[mcard.barunnfamily.com/resources/skin/e_illust/icon_time.png]
[mcard.barunnfamily.com/resources/skin/e_illust/icon_full.png]
[mcard.barunnfamily.com/resources/css/layout_skin.css]
[mcard.barunnfamily.com/resources/skin/e_illust/icon_more.png]
[mcard.barunnfamily.com/resources/order/default-skin.png]
[mcard.barunnfamily.com/resources/css/ui/photoswipe.css]
[mcard.barunnfamily.com/ST2454788f07d.html]
[mcard.barunnfamily.com/resources/css/ui/selectric_default.css]
[mcard.barunnfamily.com/resources/css/ui/scrollbar.css]
[mcard.barunnfamily.com/resources/skin/w_illust1/bg_btn.html]
[mcard.barunnfamily.com/resources/skin/w_illust1/bg_btn_on.html]
[mcard.barunnfamily.com/resources/skin/w_photo1/bg_btn.html]
[mcard.barunnfamily.com/resources/skin/w_photo1/bg_btn_on.html]
[mcard.barunnfamily.com/resources/skin/e_typo/bg_race.html]
[mcard.barunnfamily.com/resources/skin/e_typo/bg_race_bottom.html]
[mcard.barunnfamily.com/resources/skin/e_typo/bg_gift.html]
[mcard.barunnfamily.com/Photos/201704/ST2454788/mainimagee6af.jpg]
[mcard.barunnfamily.com/resources/skin/e_simple/bg_movie_top.html]
[mcard.barunnfamily.com/resources/skin/e_illust/bg_race.html]
[mcard.barunnfamily.com/resources/skin/e_illust/bg_race_bottom.html]
[mcard.barunnfamily.com/resources/skin//bg.html]
[mcard.barunnfamily.com/resources/skin/e_illust/bg_gift.html]
[mcard.barunnfamily.com/resources/css/ui/preloader.html]
[mcard.barunnfamily.com/ST24547882116.html]
[mcard.barunnfamily.com/Photos/201704/ST2454788/mainimage4440.jpg]
[mcard.barunnfamily.com/ST2454788e98e.html]
[mcard.barunnfamily.com/Photos/201704/ST2454788/mainimaged207.jpg]
[mcard.barunnfamily.com/ST2454788ca3b.html]
[mcard.barunnfamily.com/Photos/201704/ST2454788/mainimagebb1a.jpg]
[mcard.barunnfamily.com/ST2454788b815.html]
[mcard.barunnfamily.com/Photos/201704/ST2454788/mainimagebacf.jpg]
